// Jest Snapshot v1, https://goo.gl/fbAQLP

exports[`<Sidebar /> renders correctly 1`] = `
<div
  className="rightCol"
>
  <div
    className="sideBarContainer"
  >
    <section
      className="trailerBox"
    >
      <div
        className="trailerContainer"
      >
        <div
          className="trailer"
        >
          <img
            alt=""
            className="courseImg sidebarImg"
            src="http://www.avsnap.com/a_downloads/backgrounds/SpaceT%20640x480.png"
          />
          <div
            className="playbtn sidebarImg"
            onMouseEnter={[Function]}
            onMouseLeave={[Function]}
          >
            <svg
              aria-hidden="true"
              className="svg-inline--fa fa-play-circle fa-w-16 playbtnIcon"
              data-icon="play-circle"
              data-prefix="fas"
              role="img"
              style={
                Object {
                  "fontSize": "3em",
                  "transition": "0.5s",
                }
              }
              viewBox="0 0 512 512"
              xmlns="http://www.w3.org/2000/svg"
            >
              <path
                d="M256 8C119 8 8 119 8 256s111 248 248 248 248-111 248-248S393 8 256 8zm115.7 272l-176 101c-15.8 8.8-35.7-2.5-35.7-21V152c0-18.4 19.8-29.8 35.7-21l176 107c16.4 9.2 16.4 32.9 0 42z"
                fill="currentColor"
                style={Object {}}
              />
            </svg>
          </div>
          <span
            className="trailerText sidebarImg"
          >
            Preview this course
          </span>
        </div>
      </div>
    </section>
    <div
      className="belowTrailer"
    >
      <section>
        <div
          className="priceBox"
        >
          <div
            className="discountPrice price"
          >
            <strong />
          </div>
          <div
            className="listPrice price"
          >
            $283.99
          </div>
          <div
            className="percentOffItem price"
          >
            <span>
              0% off
            </span>
          </div>
        </div>
        <div
          className="btnBox"
        >
          <button
            className="cartAddBtn buyBtn"
          >
            Add to Cart
          </button>
        </div>
        <div
          className="btnBox"
        >
          <button
            className="buyNowBtn buyBtn"
          >
            Buy now
          </button>
        </div>
        <div
          className="guarantee"
        >
          30-Day Money-Back Guarantee
        </div>
      </section>
      <section>
        <div>
          <strong>
            Includes
          </strong>
        </div>
        <div>
          <ul>
            <li>
              <span
                className="featureIcon"
              >
                <svg
                  aria-hidden="true"
                  className="svg-inline--fa fa-file-video fa-w-12 fa-fw "
                  data-icon="file-video"
                  data-prefix="far"
                  role="img"
                  style={Object {}}
                  viewBox="0 0 384 512"
                  xmlns="http://www.w3.org/2000/svg"
                >
                  <path
                    d="M369.941 97.941l-83.882-83.882A48 48 0 0 0 252.118 0H48C21.49 0 0 21.49 0 48v416c0 26.51 21.49 48 48 48h288c26.51 0 48-21.49 48-48V131.882a48 48 0 0 0-14.059-33.941zM332.118 128H256V51.882L332.118 128zM48 464V48h160v104c0 13.255 10.745 24 24 24h104v288H48zm228.687-211.303L224 305.374V268c0-11.046-8.954-20-20-20H100c-11.046 0-20 8.954-20 20v104c0 11.046 8.954 20 20 20h104c11.046 0 20-8.954 20-20v-37.374l52.687 52.674C286.704 397.318 304 390.28 304 375.986V264.011c0-14.311-17.309-21.319-27.313-11.314z"
                    fill="currentColor"
                    style={Object {}}
                  />
                </svg>
              </span>
              <span
                className="featureText"
              >
                26.1 hours on-demand video
              </span>
            </li>
            <li>
              <span
                className="featureIcon"
              >
                <svg
                  aria-hidden="true"
                  className="svg-inline--fa fa-file fa-w-12 fa-fw "
                  data-icon="file"
                  data-prefix="far"
                  role="img"
                  style={Object {}}
                  viewBox="0 0 384 512"
                  xmlns="http://www.w3.org/2000/svg"
                >
                  <path
                    d="M369.9 97.9L286 14C277 5 264.8-.1 252.1-.1H48C21.5 0 0 21.5 0 48v416c0 26.5 21.5 48 48 48h288c26.5 0 48-21.5 48-48V131.9c0-12.7-5.1-25-14.1-34zM332.1 128H256V51.9l76.1 76.1zM48 464V48h160v104c0 13.3 10.7 24 24 24h104v288H48z"
                    fill="currentColor"
                    style={Object {}}
                  />
                </svg>
              </span>
              <span
                className="featureText"
              >
                3 articles
              </span>
            </li>
            <li>
              <span
                className="featureIcon"
              >
                <svg
                  aria-hidden="true"
                  className="svg-inline--fa fa-infinity fa-w-20 fa-fw "
                  data-icon="infinity"
                  data-prefix="fas"
                  role="img"
                  style={Object {}}
                  viewBox="0 0 640 512"
                  xmlns="http://www.w3.org/2000/svg"
                >
                  <path
                    d="M471.1 96C405 96 353.3 137.3 320 174.6 286.7 137.3 235 96 168.9 96 75.8 96 0 167.8 0 256s75.8 160 168.9 160c66.1 0 117.8-41.3 151.1-78.6 33.3 37.3 85 78.6 151.1 78.6 93.1 0 168.9-71.8 168.9-160S564.2 96 471.1 96zM168.9 320c-40.2 0-72.9-28.7-72.9-64s32.7-64 72.9-64c38.2 0 73.4 36.1 94 64-20.4 27.6-55.9 64-94 64zm302.2 0c-38.2 0-73.4-36.1-94-64 20.4-27.6 55.9-64 94-64 40.2 0 72.9 28.7 72.9 64s-32.7 64-72.9 64z"
                    fill="currentColor"
                    style={Object {}}
                  />
                </svg>
              </span>
              <span
                className="featureText"
              >
                Full lifetime access
              </span>
            </li>
            <li>
              <span
                className="featureIcon"
              >
                <svg
                  aria-hidden="true"
                  className="svg-inline--fa fa-mobile-alt fa-w-10 fa-fw "
                  data-icon="mobile-alt"
                  data-prefix="fas"
                  role="img"
                  style={Object {}}
                  viewBox="0 0 320 512"
                  xmlns="http://www.w3.org/2000/svg"
                >
                  <path
                    d="M272 0H48C21.5 0 0 21.5 0 48v416c0 26.5 21.5 48 48 48h224c26.5 0 48-21.5 48-48V48c0-26.5-21.5-48-48-48zM160 480c-17.7 0-32-14.3-32-32s14.3-32 32-32 32 14.3 32 32-14.3 32-32 32zm112-108c0 6.6-5.4 12-12 12H60c-6.6 0-12-5.4-12-12V60c0-6.6 5.4-12 12-12h200c6.6 0 12 5.4 12 12v312z"
                    fill="currentColor"
                    style={Object {}}
                  />
                </svg>
              </span>
              <span
                className="featureText"
              >
                Access on mobile and TV
              </span>
            </li>
            <li>
              <span
                className="featureIcon"
              >
                <svg
                  aria-hidden="true"
                  className="svg-inline--fa fa-atom fa-w-14 fa-fw "
                  data-icon="atom"
                  data-prefix="fas"
                  role="img"
                  style={Object {}}
                  viewBox="0 0 448 512"
                  xmlns="http://www.w3.org/2000/svg"
                >
                  <path
                    d="M413.03 256c40.13-54.89 41.51-98.62 25.14-128-10.91-19.52-40.54-50.73-116.33-41.88C300.36 34.89 267.64 0 224 0s-76.36 34.89-97.84 86.12C50.43 77.34 20.73 108.48 9.83 128c-16.38 29.4-15 73.09 25.14 128-40.13 54.89-41.51 98.62-25.14 128 29.21 52.34 101.68 43.58 116.33 41.88C147.63 477.1 180.36 512 224 512s76.37-34.9 97.84-86.12c14.64 1.7 87.11 10.46 116.33-41.88 16.38-29.4 15-73.09-25.14-128zM63.38 352c-4.03-7.21-.19-24.8 14.95-48.29 6.96 6.53 14.2 12.89 21.87 19.18 1.71 13.71 4 27.08 6.76 40.08-24.56.89-39.89-4.37-43.58-10.97zm36.82-162.88c-7.66 6.29-14.9 12.65-21.87 19.18-15.13-23.5-18.97-41.09-14.95-48.3 3.41-6.14 16.39-11.47 37.92-11.47 1.71 0 3.87.3 5.69.37a472.191 472.191 0 0 0-6.79 40.22zM224 64c9.47 0 22.2 13.52 33.86 37.26-11.19 3.7-22.44 8-33.86 12.86-11.42-4.86-22.67-9.16-33.86-12.86C201.8 77.52 214.53 64 224 64zm0 384c-9.47 0-22.2-13.52-33.86-37.26 11.19-3.7 22.44-8 33.86-12.86 11.42 4.86 22.67 9.16 33.86 12.86C246.2 434.48 233.47 448 224 448zm62.5-157.33c-26.7 19.08-46.14 29.33-62.5 37.48-16.35-8.14-35.8-18.41-62.5-37.48-1.99-27.79-1.99-41.54 0-69.33 26.67-19.05 46.13-29.32 62.5-37.48 16.39 8.17 35.86 18.44 62.5 37.48 1.98 27.78 1.99 41.53 0 69.33zM384.62 352c-3.67 6.62-19 11.82-43.58 10.95 2.76-13 5.05-26.37 6.76-40.06 7.66-6.29 14.9-12.65 21.87-19.18 15.13 23.49 18.97 41.08 14.95 48.29zm-14.95-143.71c-6.96-6.53-14.2-12.89-21.87-19.18a473.535 473.535 0 0 0-6.79-40.22c1.82-.07 3.97-.37 5.69-.37 21.52 0 34.51 5.34 37.92 11.47 4.02 7.22.18 24.81-14.95 48.3zM224 224c-17.67 0-32 14.33-32 32s14.33 32 32 32 32-14.33 32-32-14.33-32-32-32z"
                    fill="currentColor"
                    style={Object {}}
                  />
                </svg>
              </span>
              <span
                className="featureText"
              >
                Certificate of Completion
              </span>
            </li>
          </ul>
        </div>
      </section>
      <section>
        <div>
          <div
            className="interactiveHeader"
          >
            <strong
              className="interactiveHeaderText"
            >
              Interactive Features
            </strong>
            <svg
              aria-hidden="true"
              className="svg-inline--fa fa-info-circle fa-w-16 fa-fw "
              data-icon="info-circle"
              data-prefix="fas"
              role="img"
              style={Object {}}
              viewBox="0 0 512 512"
              xmlns="http://www.w3.org/2000/svg"
            >
              <path
                d="M256 8C119.043 8 8 119.083 8 256c0 136.997 111.043 248 248 248s248-111.003 248-248C504 119.083 392.957 8 256 8zm0 110c23.196 0 42 18.804 42 42s-18.804 42-42 42-42-18.804-42-42 18.804-42 42-42zm56 254c0 6.627-5.373 12-12 12h-88c-6.627 0-12-5.373-12-12v-24c0-6.627 5.373-12 12-12h12v-64h-12c-6.627 0-12-5.373-12-12v-24c0-6.627 5.373-12 12-12h64c6.627 0 12 5.373 12 12v100h12c6.627 0 12 5.373 12 12v24z"
                fill="currentColor"
                style={Object {}}
              />
            </svg>
          </div>
          <ul
            className="totalResources"
          >
            <li>
              <span
                className="featureIcon"
              >
                <svg
                  aria-hidden="true"
                  className="svg-inline--fa fa-file-alt fa-w-12 fa-fw "
                  data-icon="file-alt"
                  data-prefix="far"
                  role="img"
                  style={Object {}}
                  viewBox="0 0 384 512"
                  xmlns="http://www.w3.org/2000/svg"
                >
                  <path
                    d="M288 248v28c0 6.6-5.4 12-12 12H108c-6.6 0-12-5.4-12-12v-28c0-6.6 5.4-12 12-12h168c6.6 0 12 5.4 12 12zm-12 72H108c-6.6 0-12 5.4-12 12v28c0 6.6 5.4 12 12 12h168c6.6 0 12-5.4 12-12v-28c0-6.6-5.4-12-12-12zm108-188.1V464c0 26.5-21.5 48-48 48H48c-26.5 0-48-21.5-48-48V48C0 21.5 21.5 0 48 0h204.1C264.8 0 277 5.1 286 14.1L369.9 98c9 8.9 14.1 21.2 14.1 33.9zm-128-80V128h76.1L256 51.9zM336 464V176H232c-13.3 0-24-10.7-24-24V48H48v416h288z"
                    fill="currentColor"
                    style={Object {}}
                  />
                </svg>
              </span>
              <span
                className="featureText"
              >
                5 downloadable resources
              </span>
            </li>
          </ul>
        </div>
      </section>
      <section
        className="couponBox"
      >
        <div
          className="defaultCouponArea"
        >
          <button
            className="defaultCouponBtn"
            onClick={[Function]}
          >
            Have a coupon?
          </button>
        </div>
      </section>
      <section>
        <div
          className="delineation"
        />
        <div
          className="shareInviteContainer"
        >
          <div
            className="share"
          >
            <span
              className="shareText"
            >
              Share and earn up to $30
            </span>
          </div>
          <div
            className="invite"
          >
            <span
              className="inviteIcon"
            >
              <svg
                aria-hidden="true"
                className="svg-inline--fa fa-long-arrow-alt-right fa-w-14 "
                data-icon="long-arrow-alt-right"
                data-prefix="fas"
                role="img"
                style={Object {}}
                viewBox="0 0 448 512"
                xmlns="http://www.w3.org/2000/svg"
              >
                <path
                  d="M313.941 216H12c-6.627 0-12 5.373-12 12v56c0 6.627 5.373 12 12 12h301.941v46.059c0 21.382 25.851 32.09 40.971 16.971l86.059-86.059c9.373-9.373 9.373-24.569 0-33.941l-86.059-86.059c-15.119-15.119-40.971-4.411-40.971 16.971V216z"
                  fill="currentColor"
                  style={Object {}}
                />
              </svg>
            </span>
            <span
              className="inviteText"
            >
              Share
            </span>
          </div>
        </div>
      </section>
    </div>
  </div>
</div>
`;
